{"status": "closed", "_id": {"$oid": "534ca3ab58738cfffe20f09d"}, "description": "asdfasdf", "ZIP": "06511", "title": "Pizza", "LatLng": {"type": "Point", "coordinates": [0, 0]}, "userID": "5343084a58738cfffe8dbf77", "location": "asdfsdf", "startTime": "123:q3AM", "endTime": "123:AM", "createTime": {"$date": 1397531563450}}
