{"status": "new", "_id": {"$oid": "5351d08e9f5ffcfffe435f10"}, "description": "Fun", "ZIP": "06511", "title": "Fun", "LatLng": {"type": "Point", "coordinates": [41.313088918287754, -72.924669354182384]}, "userID": "53143f3958738cfffe0535fd", "location": "65050 Albert St, Fraser Valley, Subd. A, BC, Canada", "startTime": "1:1AM", "endTime": "2:2PM", "createTime": {"$date": 1397870733974}}