{"status": "new", "_id": {"$oid": "5351c2a66c22bdfffeb3f4f9"}, "description": "fjweofi", "ZIP": "06511", "title": "Test Profile Pic", "LatLng": {"type": "Point", "coordinates": [41.313000899999999, -72.924574199999995]}, "userID": "5351bc846c22bdfffeb3f4f0", "location": "Fiefbergen, Germany", "startTime": "ffwef:fweAM", "endTime": "fwe:fwefAM", "createTime": {"$date": 1397867174471}}