{"status": "new", "_id": {"$oid": "5351cbc66c22bdfffeb3f502"}, "description": "", "ZIP": "06511", "title": "", "LatLng": {"type": "Point", "coordinates": [41.313020600000002, -72.924551100000016]}, "userID": "5351bc846c22bdfffeb3f4f0", "location": "", "startTime": ":AM", "endTime": ":AM", "createTime": {"$date": 1397869510771}}