{"status": "closed", "_id": {"$oid": "5352cfbc6c22bdfffefa2f76"}, "description": "Test", "ZIP": "06511", "title": "Test", "LatLng": {"type": "Point", "coordinates": [-72.923000000000002, 41.312542999999998]}, "userID": "5313ef269f5ffcfffea738bf", "location": "420 Temple St, Yale University, New Haven, CT 06511, USA", "startTime": "2014/04/18 15:34", "endTime": "2014/04/24 15:34", "createTime": {"$date": 1397936060539}}