{"status": "closed", "_id": {"$oid": "535203de6c22bdfffe601d5d"}, "description": "hooray", "ZIP": "06511", "title": "Meet Tracy", "LatLng": {"type": "Point", "coordinates": [-111.89104739999999, 40.760779300000003]}, "userID": "52f7c4806c22bdfffe626f97", "location": "Salt Lake City, UT, USA", "startTime": "2014/04/02 01:04", "endTime": "2014/05/02 01:04", "createTime": {"$date": 1397883870108}}