{"status": "closed", "_id": {"$oid": "5355c36c6c22bdfffe6f5dc0"}, "description": "Let's eat some boiling crab", "ZIP": "06511", "title": "Boiling Crab!", "LatLng": {"type": "Point", "coordinates": [-122.41941550000001, 37.774929499999999]}, "userID": "52f7c4806c22bdfffe626f97", "location": "San Francisco, CA, USA", "startTime": "2014/04/23 21:18", "endTime": "2014/04/21 22:00", "createTime": {"$date": 1398129516499}}