{"status": "closed", "_id": {"$oid": "535ab1dc58738cfffebb0812"}, "description": "", "ZIP": "06511", "title": "", "LatLng": {"type": "Point", "coordinates": [-72.925139399999992, 41.313146599999996]}, "userID": "52f7c4806c22bdfffe626f97", "location": "", "startTime": "", "endTime": "", "createTime": {"$date": 1398452699960}}