{"status": "closed", "_id": {"$oid": "535aeff66c22bdfffec86a4f"}, "description": "Let's hack!", "ZIP": "06511", "title": "Coding together", "LatLng": {"type": "Point", "coordinates": [-72.925067899999988, 41.313177799999998]}, "userID": "52f7c4806c22bdfffe626f97", "location": "51 Prospect St, Yale University, New Haven, CT 06511, USA", "startTime": "2014/04/25 18:00", "endTime": "2014/04/25 23:00", "createTime": {"$date": 1398468598335}}