{"status": "closed", "_id": {"$oid": "535aedfa58738cfffeb58926"}, "description": "dsf", "ZIP": "06511", "title": "fds", "LatLng": {"type": "Point", "coordinates": [-72.924503799999997, 41.313044999999995]}, "userID": "52f7c4806c22bdfffe626f97", "location": "sdf", "startTime": "2014/04/09 21:00", "endTime": "2014/04/25 22:00", "createTime": {"$date": 1398468090169}}