{"status": "closed", "_id": {"$oid": "535af68458738cfffe7e537c"}, "description": "Dinner together", "ZIP": "06511", "title": "Have dinner at Great wall", "LatLng": {"type": "Point", "coordinates": [-72.923000000000002, 41.312542999999998]}, "userID": "52f7c4806c22bdfffe626f97", "location": "420 Temple St, Yale University, New Haven, CT 06511, USA", "startTime": "2014/04/25 21:00", "endTime": "2014/04/25 23:00", "createTime": {"$date": 1398470276114}}