{"status": "closed", "_id": {"$oid": "535af76f58738cfffed9fe8e"}, "description": "Dinner there", "ZIP": "06511", "title": "Chaochao", "LatLng": {"type": "Point", "coordinates": [-72.924546899999996, 41.313023299999998]}, "userID": "52f7c4806c22bdfffe626f97", "location": "Chaochao", "startTime": "2014/04/25 21:00", "endTime": "2014/04/25 22:00", "createTime": {"$date": 1398470511525}}