{"status": "closed", "_id": {"$oid": "535aee2958738cfffeb58927"}, "description": "", "ZIP": "06511", "title": "", "LatLng": {"type": "Point", "coordinates": [-72.924503799999997, 41.313044999999995]}, "userID": "52f7c4806c22bdfffe626f97", "location": "", "startTime": "", "endTime": "", "createTime": {"$date": 1398468137823}}