{"status": "closed", "_id": {"$oid": "535af34e9f5ffcfffe58a801"}, "description": "", "ZIP": "06511", "title": "Hi Boston Guys", "LatLng": {"type": "Point", "coordinates": [-71.059773199999995, 42.358430800000001]}, "userID": "535aac386c22bdfffe0f2078", "location": "Boston, MA, USA", "startTime": "2014/04/16 19:44", "endTime": "2014/04/02 19:44", "createTime": {"$date": 1398469454144}}