{"status": "closed", "_id": {"$oid": "535aacaf6c22bdfffe0f207a"}, "description": "see you at Boston", "ZIP": "06511", "title": "Road trip to Boston", "LatLng": {"type": "Point", "coordinates": [-71.059773199999995, 42.358430800000001]}, "userID": "535aac386c22bdfffe0f2078", "location": "Boston, MA, USA", "startTime": "2014/04/26 14:42", "endTime": "2014/04/28 14:42", "createTime": {"$date": 1398451375663}}