{"status": "closed", "_id": {"$oid": "535aae5b58738cfffe020764"}, "description": "", "ZIP": "06511", "title": "", "LatLng": {"type": "Point", "coordinates": [-72.925118500000011, 41.313150199999995]}, "userID": "52f7c4806c22bdfffe626f97", "location": "", "startTime": "", "endTime": "", "createTime": {"$date": 1398451803291}}