{"status": "closed", "_id": {"$oid": "535af6f558738cfffef04d41"}, "description": "share/contribute/benefit", "ZIP": "06511", "title": "Review for exam", "LatLng": {"type": "Point", "coordinates": [-72.9244585, 41.313031599999995]}, "userID": "52f7c4806c22bdfffe626f97", "location": "AKW Zoo", "startTime": "2014/04/29 18:00", "endTime": "2014/04/29 22:00", "createTime": {"$date": 1398470389220}}