{"status": "closed", "_id": {"$oid": "535af4cf9f5ffcfffe3ffcbe"}, "description": "Dinner here", "ZIP": "06511", "title": "Dinner", "LatLng": {"type": "Point", "coordinates": [-72.927883500000007, 41.308273999999997]}, "userID": "535aac386c22bdfffe0f2078", "location": "New Haven, CT, USA", "startTime": "2014/04/26 19:50", "endTime": "2014/04/27 19:50", "createTime": {"$date": 1398469839772}}