{"status": "closed", "_id": {"$oid": "535af4169f5ffcfffea21c93"}, "description": "", "ZIP": "06511", "title": "", "LatLng": {"type": "Point", "coordinates": [0, 0]}, "userID": "535aac386c22bdfffe0f2078", "location": "", "startTime": "", "endTime": "", "createTime": {"$date": 1398469654038}}