{"status": "closed", "_id": {"$oid": "535aadab9f5ffcfffe8f293c"}, "description": "big apple", "ZIP": "06511", "title": "party at new york", "LatLng": {"type": "Point", "coordinates": [-74.005973100000006, 40.7143528]}, "userID": "535aac386c22bdfffe0f2078", "location": "New York, NY, USA", "startTime": "2014/04/09 14:47", "endTime": "2014/04/17 14:47", "createTime": {"$date": 1398451627647}}