{"status": "closed", "_id": {"$oid": "535aa85b9f5ffcfffe67f3a0"}, "description": "Eat some frozen yogurt", "ZIP": "06511", "title": "Frozen Yogurt", "LatLng": {"type": "Point", "coordinates": [-72.930518000000006, 41.307744999999997]}, "userID": "53143f3958738cfffe0535fd", "location": "46 High St, New Haven, CT, United States", "startTime": "2014/04/29 19:00", "endTime": "2014/04/29 20:00", "createTime": {"$date": 1398450267555}}