{"status": "new", "_id": {"$oid": "535b2f759f5ffcfffe7e2df7"}, "description": "", "ZIP": "06511", "title": "", "LatLng": {"type": "Point", "coordinates": [-72.922343000000012, 41.316324000000002]}, "userID": "5343084a58738cfffe8dbf77", "location": "New Haven, CT, United States", "startTime": "", "endTime": "", "createTime": {"$date": 1398484853633}}